
> gelagle-parking-dashboard@0.1.0 build
> rm -rf .next && next build

▲ Next.js 16.1.6 (Turbopack)
- Environments: .env.local
- Experiments (use with caution):
  ✓ optimizeCss
  · optimizePackageImports

  Creating an optimized production build ...
✓ Compiled successfully in 6.9s
  Running TypeScript ...
  Collecting page data using 11 workers ...
  Generating static pages using 11 workers (0/27) ...
  Generating static pages using 11 workers (6/27) 
  Generating static pages using 11 workers (13/27) 
  Generating static pages using 11 workers (20/27) 
✓ Generating static pages using 11 workers (27/27) in 312.2ms
  Finalizing page optimization ...

Route (app)
┌ ○ /
├ ○ /_not-found
├ ○ /dashboard
├ ○ /dashboard/bookings
├ ƒ /dashboard/bookings/[id]
├ ○ /dashboard/bookings/create
├ ○ /dashboard/configurations
├ ƒ /dashboard/configurations/[id]
├ ƒ /dashboard/configurations/[id]/edit
├ ○ /dashboard/configurations/commissions
├ ○ /dashboard/configurations/new
├ ○ /dashboard/customers
├ ƒ /dashboard/customers/[id]
├ ○ /dashboard/forgot-password
├ ○ /dashboard/invoice-credentials
├ ○ /dashboard/invoices
├ ƒ /dashboard/invoices/[id]
├ ○ /dashboard/invoices/receipt
├ ○ /dashboard/invoices/upload
├ ○ /dashboard/invoices/withholding
├ ○ /dashboard/parking-users
├ ƒ /dashboard/parking-users/[id]
├ ƒ /dashboard/parking-users/[id]/edit
├ ○ /dashboard/parking-users/create
├ ○ /dashboard/parkings
├ ƒ /dashboard/parkings/[id]
├ ƒ /dashboard/parkings/[id]/edit
├ ○ /dashboard/parkings/create
├ ○ /dashboard/settings
├ ○ /dashboard/users
├ ƒ /dashboard/users/[id]
├ ƒ /dashboard/users/[id]/edit
├ ○ /dashboard/users/create
├ ○ /dashboard/vehicles
├ ƒ /dashboard/vehicles/[id]
├ ○ /dashboard/wallets
└ ○ /portal


○  (Static)   prerendered as static content
ƒ  (Dynamic)  server-rendered on demand

